// Jest Snapshot v1, https://goo.gl/fbAQLP

exports[`NetworkErrorDialog matches snapshot 1`] = `
<div>
  <div
    aria-describedby="dialogHeader"
    className=""
    style={
      Object {
        "backgroundColor": "#DDE2E6",
        "borderRadius": 0,
        "hover": "css-87ndg2",
      }
    }
  >
    <div
      className=""
      id="dialogHeader"
      style={
        Object {
          "backgroundColor": "transparent",
          "borderRadius": 0,
          "color": "#041532",
          "fontFamily": "PT Sans, sans-serif",
          "fontSize": "1.875rem",
          "fontStyle": "normal",
          "fontWeight": 400,
          "hover": "css-87ndg2",
          "lineHeight": "1.3",
          "paddingBottom": 0,
          "paddingLeft": 0,
          "paddingRight": 0,
          "paddingTop": 0,
        }
      }
    >
      <h2
        className=""
        style={Object {}}
      >
        <div
          className=""
          data-cvent-id="close"
          onClick={[Function]}
          onKeyDown={[Function]}
          role="button"
          style={Object {}}
          tabIndex="0"
        >
          <span
            className="container"
          >
            <span
              aria-label="EventGuestSide_StandardDialog_FallbackText_Close__resx"
              className=""
              role="img"
            />
          </span>
        </div>
        EventGuestSide_NetworkError_Title__resx
      </h2>
    </div>
  </div>
  <div
    className=""
    name="messageContainer"
    style={Object {}}
    tabIndex="-1"
  >
    <span
      className="container"
    >
      <span
        aria-hidden="true"
        className=""
        role="img"
      />
    </span>
    <p
      className=""
      style={
        Object {
          "backgroundColor": "transparent",
          "borderRadius": 0,
          "color": "#273F69",
          "fontFamily": "PT Sans, sans-serif",
          "fontSize": 16,
          "fontStyle": "normal",
          "fontWeight": 400,
          "hover": "css-87ndg2",
          "lineHeight": "1.3",
          "paddingBottom": 0,
          "paddingLeft": 0,
          "paddingRight": 0,
          "paddingTop": 0,
        }
      }
    >
      EventGuestSide_NetworkError_CheckYourConnection__resx
    </p>
    <div
      className=""
      style={
        Object {
          "color": "#273F69",
          "fontFamily": "PT Sans, sans-serif",
          "fontSize": 16,
          "fontStyle": "normal",
          "fontWeight": 400,
          "hover": "css-87ndg2",
          "lineHeight": "1.3",
        }
      }
    >
      <div>
        EventGuestSide_NetworkError_ContactCustomerCenter__resx
      </div>
      <div>
        <span
          className="errorBoxLabel"
        >
          Flex_ErrorPage_Time_Label__resx
        </span>
        :
         
        2019-09-10T00:00:00.000Z
      </div>
      <div>
        <span
          className="errorBoxLabel"
        >
          Flex_ErrorPage_sessionId_Label__resx
        </span>
        :
         
        fake-page-load-id
      </div>
    </div>
  </div>
</div>
`;
