// Jest Snapshot v1, https://goo.gl/fbAQLP

exports[`Verify unsubscribe page do not call the unsubscribe endpoint 1`] = `
<div
  className=""
  style={Object {}}
>
  <div
    className="sectionContainer"
    style={
      Object {
        "backgroundColor": "#FFFFFF",
        "borderRadius": 0,
        "hover": Object {
          "backgroundColor": "#FFFFFF",
        },
        "paddingBottom": 0,
        "paddingLeft": 0,
        "paddingRight": 0,
        "paddingTop": 0,
      }
    }
  >
    <div
      className=""
      style={
        Object {
          "margin": "auto",
          "maxWidth": "800px",
        }
      }
    >
      <div
        className=""
        style={Object {}}
      >
        <div
          className=""
          style={Object {}}
        >
          <div
            className=""
            style={Object {}}
          >
            <div
              className=""
              data-cvent-id="widget-InvalidInviteeUnsubscribeText-widget:unsubscribe-header"
              style={
                Object {
                  "backgroundColor": "transparent",
                  "borderRadius": 0,
                  "flex": "1 1 auto",
                  "hover": Object {
                    "backgroundColor": "transparent",
                  },
                  "paddingBottom": 0,
                  "paddingLeft": 15,
                  "paddingRight": 15,
                  "paddingTop": 15,
                  "pointerEvents": undefined,
                }
              }
            >
              <div
                className=""
                style={
                  Object {
                    "backgroundColor": "transparent",
                    "borderRadius": 0,
                    "color": "#273F69",
                    "fontFamily": "PT Sans, sans-serif",
                    "fontSize": "2.5rem",
                    "fontStyle": "normal",
                    "fontWeight": 400,
                    "hover": "css-87ndg2",
                    "lineHeight": "1.3",
                    "paddingBottom": 0,
                    "paddingLeft": 0,
                    "paddingRight": 0,
                    "paddingTop": 0,
                    "textAlign": "center",
                  }
                }
              >
                <p>
                  EventGuestSide_Unsubscribe_HeaderText__resx
                </p>
              </div>
            </div>
          </div>
        </div>
        <div
          className=""
          style={Object {}}
        >
          <div
            className=""
            style={Object {}}
          >
            <div
              className=""
              data-cvent-id="widget-InvalidInviteeUnsubscribeText-widget:unsubscribe-description"
              style={
                Object {
                  "backgroundColor": "transparent",
                  "borderRadius": 0,
                  "flex": "1 1 auto",
                  "hover": Object {
                    "backgroundColor": "transparent",
                  },
                  "paddingBottom": "1.875rem",
                  "paddingLeft": 15,
                  "paddingRight": 15,
                  "paddingTop": 0,
                  "pointerEvents": undefined,
                }
              }
            >
              <div
                className=""
                style={
                  Object {
                    "backgroundColor": "transparent",
                    "borderRadius": 0,
                    "color": "#273F69",
                    "fontFamily": "PT Sans, sans-serif",
                    "fontSize": 16,
                    "fontStyle": "normal",
                    "fontWeight": 400,
                    "hover": "css-87ndg2",
                    "lineHeight": "1.3",
                    "paddingBottom": 0,
                    "paddingLeft": 0,
                    "paddingRight": 0,
                    "paddingTop": 0,
                    "textAlign": "center",
                  }
                }
              >
                <p>
                  EventGuestSide_Unsubscribe_DescriptionText__resx
                </p>
              </div>
            </div>
          </div>
        </div>
      </div>
    </div>
  </div>
</div>
`;
