// Jest Snapshot v1, https://goo.gl/fbAQLP

exports[`Fee refund policy dialog matches snapshot when opened 1`] = `
Array [
  <div
    class=""
  >
    <div
      class=""
    />
    <span
      class="mockNucleusCoreTransition"
    >
      <div
        class=""
      >
        <div
          aria-label="Dialog"
          role="dialog"
          style="outline: none;"
          tabindex="0"
        >
          <div
            class=""
            style="background-color: rgb(243, 59, 21); border-radius: 100px; height: 50%; position: absolute; left: 512px; top: 384px;"
          >
            <div
              class=""
            />
            <div
              class=""
            >
              <div
                class=""
              >
                <div
                  class="dialogChildren"
                >
                  <div>
                    <div
                      aria-describedby="dialogHeader"
                      class=""
                      style="background-color: rgb(221, 226, 230); border-radius: 0;"
                    >
                      <div
                        class=""
                        id="dialogHeader"
                        style="background-color: rgb(249, 32, 242); padding: 15px 1.5625rem 15px 1.5625rem;"
                      >
                        <h2
                          class=""
                          style="color: rgb(255, 255, 255); font-family: Comic Sans MS, Comic Sans, Chalkboard, Marker Felt, sans-serif; font-size: 3.5625rem; font-style: normal; font-weight: 700; line-height: 1.3;"
                        >
                          <div
                            class=""
                            data-cvent-id="close"
                            role="button"
                            tabindex="0"
                          >
                            <span
                              class="container"
                            >
                              <span
                                aria-label="fallbackback"
                                class=""
                                role="img"
                              />
                            </span>
                          </div>
                          EventWidgets_FeeWidget_RefundPolicyModalHeader__resx
                        </h2>
                      </div>
                    </div>
                    <div
                      class=""
                    >
                      <div
                        class=""
                      >
                        <div>
                          <div
                            class=""
                            style="font-weight: 700;"
                          >
                            EventWidgets_FeeWidget_RefundModal_RefundBeforeDate__resx
                          </div>
                          <div
                            class=""
                            style="margin: 0.5rem 0px 1.75rem;"
                          >
                            <span>
                              EventWidgets_FeeWidget_RefundModal_PricePaid__resx
                            </span>
                          </div>
                        </div>
                        <div
                          class=""
                          style="padding: 0px 0.75rem 0.25rem 0.75rem;"
                        >
                          <span
                            class=""
                          >
                            EventWidgets_FeeWidget_RefundModal_CancelledBy__resx
                          </span>
                          <span
                            class=""
                          >
                            EventWidgets_FeeWidget_RefundModal_AmountRefunded__resx
                          </span>
                        </div>
                        <div>
                          <div
                            class=""
                          >
                            <div
                              class=""
                            >
                              _dateLabels_day_month_year__resx
                            </div>
                            <div
                              class=""
                            >
                              150
                            </div>
                          </div>
                          <div
                            class=""
                          >
                            <div
                              class=""
                            >
                              _dateLabels_day_month_year__resx
                            </div>
                            <div
                              class=""
                            >
                              100
                            </div>
                          </div>
                        </div>
                      </div>
                      <div
                        class=""
                      >
                        <div>
                          <div
                            class=""
                            style="font-weight: 700;"
                          >
                            EventWidgets_FeeWidget_RefundModal_RefundAfterDate__resx
                          </div>
                          <div
                            class=""
                            style="margin: 0.5rem 0px 1.75rem;"
                          >
                            <span>
                              EventWidgets_FeeWidget_RefundModal_PricePaid__resx
                            </span>
                          </div>
                        </div>
                        <div
                          class=""
                          style="padding: 0px 0.75rem 0.25rem 0.75rem;"
                        >
                          <span
                            class=""
                          >
                            EventWidgets_FeeWidget_RefundModal_CancelledBy__resx
                          </span>
                          <span
                            class=""
                          >
                            EventWidgets_FeeWidget_RefundModal_AmountRefunded__resx
                          </span>
                        </div>
                        <div>
                          <div
                            class=""
                          >
                            <div
                              class=""
                            >
                              _dateLabels_day_month_year__resx
                            </div>
                            <div
                              class=""
                            >
                              100
                            </div>
                          </div>
                        </div>
                      </div>
                    </div>
                  </div>
                </div>
              </div>
            </div>
          </div>
        </div>
      </div>
    </span>
  </div>,
]
`;
