// Jest Snapshot v1, https://goo.gl/fbAQLP

exports[`Shows the no admission item dialog, when creating a reg cart, if that validation is present 1`] = `
<div>
  <div
    class="wrapper"
  />
  <div
    class="mockNucleusCoreDialog"
  >
    <h1 />
    <div>
      <div
        class="dialogContainer"
      >
        <div
          class="dialogChildren"
        >
          <div>
            <div
              aria-describedby="dialogHeader"
              class=""
              style="background-color: rgb(221, 226, 230); border-radius: 0;"
            >
              <div
                class=""
                id="dialogHeader"
                style="background-color: rgb(249, 32, 242); padding: 15px 1.5625rem 15px 1.5625rem;"
              >
                <h2
                  class=""
                  style="color: rgb(255, 255, 255); font-family: Comic Sans MS, Comic Sans, Chalkboard, Marker Felt, sans-serif; font-size: 3.5625rem; font-style: normal; font-weight: 700; line-height: 1.3;"
                >
                  <div
                    class=""
                    data-cvent-id="close"
                    role="button"
                    tabindex="0"
                  >
                    <span
                      class="container"
                    >
                      <span
                        aria-label="EventGuestSide_StandardDialog_FallbackText_Close__resx"
                        class=""
                        role="img"
                      />
                    </span>
                  </div>
                  EventGuestSide_RegistrationTypeConflict_Title_resx
                </h2>
              </div>
            </div>
            <div
              class=""
              name="messageContainer"
              style="background-color: rgb(243, 59, 21); padding: 0px 1.25rem 1.875rem 1.25rem;"
              tabindex="-1"
            >
              <span
                class="container"
              >
                <span
                  aria-hidden="true"
                  class=""
                  role="img"
                />
              </span>
              <div
                class=""
                style="font-family: PT Sans, sans-serif; font-weight: 400; font-size: 2.5rem; color: rgb(39, 63, 105); line-height: 1.3; font-style: normal; background-color: transparent; border-radius: 0; padding: 0px 0px 0px 0px;"
              >
                EventGuestSide_RegistrationTypeConflict_Title_resx
              </div>
              <p
                class=""
              >
                EventGuestSide_RegistrationTypeError_NoAdmissionItemAvailableHelpText_resx
              </p>
            </div>
          </div>
        </div>
      </div>
    </div>
  </div>
  <div />
</div>
`;
