// Jest Snapshot v1, https://goo.gl/fbAQLP

exports[`ApptsAvailabilityWidget should match snapshot 1`] = `
Object {
  "classes": Object {},
  "config": Object {
    "appData": Object {
      "apptEventDayInfo": Array [
        Object {
          "date": "2019-06-28",
          "dateEnabled": false,
          "endTime": "17:00",
          "startTime": "09:00",
        },
        Object {
          "date": "2019-06-29",
          "dateEnabled": false,
          "endTime": "17:00",
          "startTime": "09:00",
        },
      ],
      "availabilityConfigOption": "unavailability",
    },
    "headerText": "Appts Availability",
    "instructionalText": "Sample Instructions",
  },
  "data-cvent-id": "widget-ApptsAvailability-widget:apptsAvailability",
  "id": "widget:apptsAvailability",
  "isRegistrationPage": true,
  "store": Object {
    "dispatch": [Function],
    "getState": [Function],
    "subscribe": [Function],
  },
  "style": Object {
    "palette": Object {},
  },
  "translate": [Function],
  "type": "ApptsAvailability",
}
`;
