// Jest Snapshot v1, https://goo.gl/fbAQLP

exports[`FollowBarWidget renders 1`] = `ShallowWrapper {}`;
