// Jest Snapshot v1, https://goo.gl/fbAQLP

exports[`MultiLanguageWidget should match snapshot 1`] = `
Object {
  "children": <Memo(Connect(MultiLanguageWidget))
    classes={Object {}}
    hideWhenOneLanguage={true}
    loadLanguage={[Function]}
    locales={
      Array [
        Object {
          "cultureCode": "en-US",
          "languageName": "English",
          "localeId": 1033,
        },
      ]
    }
    metaData={Object {}}
    multiLanguageLocale=""
    store={
      Object {
        "clearActions": [Function],
        "dispatch": [Function],
        "getActions": [Function],
        "getState": [Function],
        "replaceReducer": [Function],
        "subscribe": [Function],
      }
    }
    style={Object {}}
    translate={[Function]}
  />,
  "value": null,
}
`;
