// Jest Snapshot v1, https://goo.gl/fbAQLP

exports[`Tests for UberVouchersWidget it matches snapshot 1`] = `
<div
  class=""
  style="flex: 1 1 auto;"
>
  <div>
    <div
      class=""
    >
      <div
        class=""
      />
    </div>
    <h3
      class=""
    />
    <div
      class=""
    >
      <p
        class=""
      >
        Test Uber Voucher Name
      </p>
      <div
        class=""
      >
        <div
          class=""
        >
          <button
            class=""
            type="button"
          >
            <span />
          </button>
        </div>
      </div>
    </div>
  </div>
</div>
`;
