// Jest Snapshot v1, https://goo.gl/fbAQLP

exports[`Add to Calendar dialog when Add to Calendar pop up is rendered. 1`] = `
Array [
  <div
    class=""
  >
    <div
      class=""
    />
    <span
      class="mockNucleusCoreTransition"
    >
      <div
        class=""
      >
        <div
          aria-label="Dialog"
          role="dialog"
          style="outline: none;"
          tabindex="0"
        >
          <div
            class=""
            style="background-color: rgb(243, 59, 21); border-radius: 5px; min-width: 350px; position: absolute; left: 512px; top: 384px;"
          >
            <div
              class=""
            />
            <div
              class=""
            >
              <div
                class="dialogContainer"
              >
                <div
                  class="dialogChildren"
                >
                  <div>
                    <div
                      aria-describedby="dialogHeader"
                      class=""
                    >
                      <div
                        class=""
                        id="dialogHeader"
                      >
                        <h2
                          class=""
                        >
                          <div
                            class=""
                            data-cvent-id="close"
                            role="button"
                            tabindex="0"
                          >
                            <span
                              class="container"
                            >
                              <span
                                aria-hidden="true"
                                class=""
                                role="img"
                              />
                            </span>
                          </div>
                        </h2>
                      </div>
                    </div>
                    <div
                      class=""
                      name="messageContainer"
                      tabindex="-1"
                    >
                      <div
                        class=""
                        data-cvent-id="add-to-calendar-dialog-container"
                      >
                        <button
                          class="ics"
                          data-cvent-id="add-to-calendar-dialog-ics-download"
                          style="font-family: PT Sans, sans-serif; font-weight: 400; font-size: 16px; color: rgb(39, 63, 105); line-height: 1.3; font-style: normal; width: 350px;"
                          title="AddtoCalendar_EventCalendarDownloadOptions_ics__resx"
                          type="button"
                        >
                          <span>
                            AddtoCalendar_EventCalendarDownloadOptions_ics__resx
                          </span>
                        </button>
                        <button
                          class="ical"
                          data-cvent-id="add-to-calendar-dialog-ical-download"
                          style="font-family: PT Sans, sans-serif; font-weight: 400; font-size: 16px; color: rgb(39, 63, 105); line-height: 1.3; font-style: normal; width: 350px;"
                          title="AddtoCalendar_EventCalendarDownloadOptions_AppleCalendar__resx"
                          type="button"
                        >
                          <span>
                            AddtoCalendar_EventCalendarDownloadOptions_AppleCalendar__resx
                          </span>
                        </button>
                        <button
                          class="google"
                          data-cvent-id="add-to-calendar-dialog-google-calendar-open"
                          style="font-family: PT Sans, sans-serif; font-weight: 400; font-size: 16px; color: rgb(39, 63, 105); line-height: 1.3; font-style: normal; width: 350px;"
                          title="AddtoCalendar_EventCalendarDownloadOptions_GoogleCalendar__resx"
                          type="button"
                        >
                          <span>
                            AddtoCalendar_EventCalendarDownloadOptions_GoogleCalendar__resx
                          </span>
                        </button>
                        <button
                          class="outlook"
                          data-cvent-id="add-to-calendar-dialog-outlook-calendar-open"
                          style="font-family: PT Sans, sans-serif; font-weight: 400; font-size: 16px; color: rgb(39, 63, 105); line-height: 1.3; font-style: normal; width: 350px;"
                          title="AddtoCalendar_EventCalendarDownloadOptions_OutlookWeb__resx"
                          type="button"
                        >
                          <span>
                            AddtoCalendar_EventCalendarDownloadOptions_OutlookWeb__resx
                          </span>
                        </button>
                      </div>
                    </div>
                  </div>
                </div>
              </div>
            </div>
          </div>
        </div>
      </div>
    </span>
  </div>,
]
`;
