// Jest Snapshot v1, https://goo.gl/fbAQLP

exports[`PaymentAmountServiceFeeConfirmationDialog click on cancel payment amount service fee confirmation dialog 1`] = `
<div
  class=""
>
  <div
    class=""
  />
  <span
    class="mockNucleusCoreTransition"
  />
</div>
`;

exports[`PaymentAmountServiceFeeConfirmationDialog matches snapshot when opened 1`] = `
<div
  class=""
>
  <div
    class=""
  />
  <span
    class="mockNucleusCoreTransition"
  >
    <div
      class=""
    >
      <div
        aria-label="Dialog"
        role="dialog"
        style="outline: none;"
        tabindex="0"
      >
        <div
          class=""
          style="background-color: rgb(243, 59, 21); border-radius: 100px; position: absolute; left: 512px; top: 384px;"
        >
          <div
            class=""
          />
          <div
            class=""
          >
            <div
              class="dialogContainer"
            >
              <div
                class="dialogChildren"
              >
                <div
                  data-cvent-id="payment-amount-service-fee-confirmation-dialog"
                >
                  <div>
                    <div
                      aria-describedby="dialogHeader"
                      class=""
                      style="background-color: rgb(221, 226, 230); border-radius: 0;"
                    >
                      <div
                        class=""
                        id="dialogHeader"
                        style="font-family: PT Sans, sans-serif; font-weight: 400; font-size: 1.875rem; color: rgb(4, 21, 50); line-height: 1.3; font-style: normal; background-color: transparent; border-radius: 0; padding: 0px 0px 0px 0px;"
                      >
                        <h2
                          class=""
                        >
                          <div
                            class=""
                            data-cvent-id="close"
                            role="button"
                            tabindex="0"
                          >
                            <span
                              class="container"
                            >
                              <span
                                aria-label="EventGuestSide_StandardDialog_FallbackText_Close__resx"
                                class=""
                                role="img"
                              />
                            </span>
                          </div>
                          ServiceFees_PaymentHeader__resx
                        </h2>
                      </div>
                    </div>
                    <div
                      class=""
                      name="messageContainer"
                      tabindex="-1"
                    >
                      <div
                        class=""
                      >
                        <div
                          data-cvent-id="confirmation-form"
                        >
                          <div
                            class="cancelRegistrationModalText"
                          >
                            <div
                              class="detailsText"
                            >
                              <div
                                class=""
                              >
                                <div
                                  class="leftLineItemStyle"
                                >
                                  <span
                                    class="instructionalText"
                                  >
                                    ServiceFees_PaymentInstruction__resx
                                  </span>
                                </div>
                                <br />
                                <br />
                                <hr
                                  class=""
                                />
                                <div
                                  class="rightLineItemStyle"
                                >
                                  <span
                                    class="totalAmountDue"
                                    data-cvent-id="total-due-value"
                                  >
                                    EventWidgets_PaymentWidget_TotalDue__resx:{"totalDue":145.2}
                                  </span>
                                </div>
                              </div>
                            </div>
                          </div>
                          <button
                            aria-label="GuestProductSelection_DialogCancelButtonText__resx"
                            class=""
                            data-cvent-id="no-submit-button"
                            title="GuestProductSelection_DialogCancelButtonText__resx"
                            type="button"
                          >
                            <span>
                              GuestProductSelection_DialogCancelButtonText__resx
                            </span>
                          </button>
                          <button
                            aria-label="GuestProductSelection_DialogConfirmButtonText__resx"
                            class=""
                            data-cvent-id="yes-submit-button"
                            title="GuestProductSelection_DialogConfirmButtonText__resx"
                            type="button"
                          >
                            <span>
                              GuestProductSelection_DialogConfirmButtonText__resx
                            </span>
                          </button>
                        </div>
                      </div>
                    </div>
                  </div>
                </div>
              </div>
            </div>
          </div>
        </div>
      </div>
    </div>
  </span>
</div>
`;
